>// This is a single-line comment
#^^ source.maxon comment.line.double-slash.maxon
#  ^^^^^^^^^^^^^^^^^^^^^^^^^^^^^^ source.maxon comment.line.double-slash.maxon
>function test() returns int
#^^^^^^^^ source.maxon keyword.other.maxon
#        ^ source.maxon
#         ^^^^ source.maxon entity.name.function.maxon
#             ^^^ source.maxon
#                ^^^^^^^ source.maxon keyword.other.maxon
#                       ^ source.maxon
#                        ^^^ source.maxon storage.type.maxon
>	// Another comment
#^ source.maxon
# ^^ source.maxon comment.line.double-slash.maxon
#   ^^^^^^^^^^^^^^^^ source.maxon comment.line.double-slash.maxon
>	/* Multi-line
#^ source.maxon
# ^^ source.maxon comment.block.maxon
#   ^^^^^^^^^^^^ source.maxon comment.block.maxon
>	comment here */
#^^^^^^^^^^^^^^ source.maxon comment.block.maxon
#              ^^ source.maxon comment.block.maxon
>	var x = 0 // inline comment
#^ source.maxon
# ^^^ source.maxon keyword.other.maxon
#    ^^^ source.maxon
#       ^ source.maxon keyword.operator.assignment.maxon
#        ^ source.maxon
#         ^ source.maxon constant.numeric.integer.maxon
#          ^ source.maxon
#           ^^ source.maxon comment.line.double-slash.maxon
#             ^^^^^^^^^^^^^^^ source.maxon comment.line.double-slash.maxon
>	return x
#^ source.maxon
# ^^^^^^ source.maxon keyword.control.maxon
#       ^^^ source.maxon
>end 'test'
#^^^ source.maxon keyword.control.maxon
#   ^ source.maxon
#    ^^^^^^ source.maxon entity.name.label.maxon
>
>