>function main() int
#^^^^^^^^ source.maxon keyword.other.maxon
#        ^ source.maxon
#         ^^^^ source.maxon entity.name.function.maxon
#             ^^^ source.maxon
#                ^^^ source.maxon storage.type.maxon
>    var x = 0
#^^^^ source.maxon
#    ^^^ source.maxon keyword.other.maxon
#       ^^^ source.maxon
#          ^ source.maxon keyword.operator.comparison.maxon
#           ^ source.maxon
#            ^ source.maxon constant.numeric.integer.maxon
>    let y = 42
#^^^^ source.maxon
#    ^^^ source.maxon keyword.other.maxon
#       ^^^ source.maxon
#          ^ source.maxon keyword.operator.comparison.maxon
#           ^ source.maxon
#            ^^ source.maxon constant.numeric.integer.maxon
>    if x > 0 'check'
#^^^^ source.maxon
#    ^^ source.maxon keyword.control.maxon
#      ^^^ source.maxon
#         ^ source.maxon keyword.operator.comparison.maxon
#          ^ source.maxon
#           ^ source.maxon constant.numeric.integer.maxon
#            ^ source.maxon
#             ^^^^^^^ source.maxon entity.name.label.maxon
>        return 1
#^^^^^^^^ source.maxon
#        ^^^^^^ source.maxon keyword.control.maxon
#              ^ source.maxon
#               ^ source.maxon constant.numeric.integer.maxon
>    else 'other'
#^^^^ source.maxon
#    ^^^^ source.maxon keyword.control.maxon
#        ^ source.maxon
#         ^^^^^^^ source.maxon entity.name.label.maxon
>        while true 'loop'
#^^^^^^^^ source.maxon
#        ^^^^^ source.maxon keyword.control.maxon
#             ^ source.maxon
#              ^^^^ source.maxon constant.language.boolean.maxon
#                  ^ source.maxon
#                   ^^^^^^ source.maxon entity.name.label.maxon
>            break
#^^^^^^^^^^^^ source.maxon
#            ^^^^^ source.maxon keyword.control.maxon
>        end 'loop'
#^^^^^^^^ source.maxon
#        ^^^ source.maxon keyword.control.maxon
#           ^ source.maxon
#            ^^^^^^ source.maxon entity.name.label.maxon
>        return 0
#^^^^^^^^ source.maxon
#        ^^^^^^ source.maxon keyword.control.maxon
#              ^ source.maxon
#               ^ source.maxon constant.numeric.integer.maxon
>    end 'check'
#^^^^ source.maxon
#    ^^^ source.maxon keyword.control.maxon
#       ^ source.maxon
#        ^^^^^^^ source.maxon entity.name.label.maxon
>end 'main'
#^^^ source.maxon keyword.control.maxon
#   ^ source.maxon
#    ^^^^^^ source.maxon entity.name.label.maxon
>