>function test(x float) returns float
#^^^^^^^^ source.maxon keyword.other.maxon
#        ^ source.maxon
#         ^^^^ source.maxon entity.name.function.maxon
#             ^^^ source.maxon
#                ^^^^^ source.maxon storage.type.maxon
#                     ^^ source.maxon
#                       ^^^^^^^ source.maxon keyword.other.maxon
#                              ^ source.maxon
#                               ^^^^^ source.maxon storage.type.maxon
>    var a = sqrt(x)
#^^^^ source.maxon
#    ^^^ source.maxon keyword.other.maxon
#       ^^^ source.maxon
#          ^ source.maxon keyword.operator.assignment.maxon
#           ^ source.maxon
#            ^^^^ source.maxon support.function.math.maxon
#                ^^^^ source.maxon
>    var b = abs(x)
#^^^^ source.maxon
#    ^^^ source.maxon keyword.other.maxon
#       ^^^ source.maxon
#          ^ source.maxon keyword.operator.assignment.maxon
#           ^ source.maxon
#            ^^^ source.maxon support.function.math.maxon
#               ^^^^ source.maxon
>    var c = floor(x)
#^^^^ source.maxon
#    ^^^ source.maxon keyword.other.maxon
#       ^^^ source.maxon
#          ^ source.maxon keyword.operator.assignment.maxon
#           ^ source.maxon
#            ^^^^^ source.maxon support.function.math.maxon
#                 ^^^^ source.maxon
>    var d = ceil(x)
#^^^^ source.maxon
#    ^^^ source.maxon keyword.other.maxon
#       ^^^ source.maxon
#          ^ source.maxon keyword.operator.assignment.maxon
#           ^ source.maxon
#            ^^^^ source.maxon support.function.math.maxon
#                ^^^^ source.maxon
>    var e = round(x)
#^^^^ source.maxon
#    ^^^ source.maxon keyword.other.maxon
#       ^^^ source.maxon
#          ^ source.maxon keyword.operator.assignment.maxon
#           ^ source.maxon
#            ^^^^^ source.maxon support.function.math.maxon
#                 ^^^^ source.maxon
>    var f = sin(x)
#^^^^ source.maxon
#    ^^^ source.maxon keyword.other.maxon
#       ^^^ source.maxon
#          ^ source.maxon keyword.operator.assignment.maxon
#           ^ source.maxon
#            ^^^ source.maxon support.function.math.maxon
#               ^^^^ source.maxon
>    var g = cos(x)
#^^^^ source.maxon
#    ^^^ source.maxon keyword.other.maxon
#       ^^^ source.maxon
#          ^ source.maxon keyword.operator.assignment.maxon
#           ^ source.maxon
#            ^^^ source.maxon support.function.math.maxon
#               ^^^^ source.maxon
>    var h = trunc(x)
#^^^^ source.maxon
#    ^^^ source.maxon keyword.other.maxon
#       ^^^ source.maxon
#          ^ source.maxon keyword.operator.assignment.maxon
#           ^ source.maxon
#            ^^^^^ source.maxon support.function.math.maxon
#                 ^^^^ source.maxon
>    return a
#^^^^ source.maxon
#    ^^^^^^ source.maxon keyword.control.maxon
#          ^^^ source.maxon
>end 'test'
#^^^ source.maxon keyword.control.maxon
#   ^ source.maxon
#    ^^^^^^ source.maxon entity.name.label.maxon
>