>function test() int
#^^^^^^^^ source.maxon keyword.other.maxon
#        ^ source.maxon
#         ^^^^ source.maxon entity.name.function.maxon
#             ^^^ source.maxon
#                ^^^ source.maxon storage.type.maxon
>    var int_val = 42
#^^^^ source.maxon
#    ^^^ source.maxon keyword.other.maxon
#       ^^^^^^^^^ source.maxon
#                ^ source.maxon keyword.operator.assignment.maxon
#                 ^ source.maxon
#                  ^^ source.maxon constant.numeric.integer.maxon
>    var float_val = 3.14159
#^^^^ source.maxon
#    ^^^ source.maxon keyword.other.maxon
#       ^^^^^^^^^^^ source.maxon
#                  ^ source.maxon keyword.operator.assignment.maxon
#                   ^ source.maxon
#                    ^^^^^^^ source.maxon constant.numeric.float.maxon
>    var sci_notation = 1.5e10
#^^^^ source.maxon
#    ^^^ source.maxon keyword.other.maxon
#       ^^^^^^^^^^^^^^ source.maxon
#                     ^ source.maxon keyword.operator.assignment.maxon
#                      ^ source.maxon
#                       ^^^^^^ source.maxon constant.numeric.float.maxon
>    var negative_exp = 2.5e-3
#^^^^ source.maxon
#    ^^^ source.maxon keyword.other.maxon
#       ^^^^^^^^^^^^^^ source.maxon
#                     ^ source.maxon keyword.operator.assignment.maxon
#                      ^ source.maxon
#                       ^^^^^^ source.maxon constant.numeric.float.maxon
>    return int_val
#^^^^ source.maxon
#    ^^^^^^ source.maxon keyword.control.maxon
#          ^^^^^^^^^ source.maxon
>end 'test'
#^^^ source.maxon keyword.control.maxon
#   ^ source.maxon
#    ^^^^^^ source.maxon entity.name.label.maxon
>